Traceback (most recent call last):
  File "C:\Users\ei\Projects\royaltyStatementValidator\do_test.py", line 1, in <module>
    import httpx, json, sys
ModuleNotFoundError: No module named 'httpx'
